// Jest Snapshot v1, https://goo.gl/fbAQLP

exports[`Homepage renders to the page 1`] = `
Object {
  "asFragment": [Function],
  "baseElement": <body>
    <div>
      <section>
        <div
          class="homepage-title"
        >
          <h1
            class="title"
          >
            Our Collection of Bees
          </h1>
          <p
            class="description"
          >
            Please select a Bee
          </p>
        </div>
        <div
          class="react-multi-carousel-list  carousel-container"
          dir="ltr"
        >
          <ul
            class="react-multi-carousel-track "
            style="transition: none; overflow: unset; transform: translate3d(0px,0,0);"
          />
        </div>
      </section>
    </div>
  </body>,
  "container": <div>
    <section>
      <div
        class="homepage-title"
      >
        <h1
          class="title"
        >
          Our Collection of Bees
        </h1>
        <p
          class="description"
        >
          Please select a Bee
        </p>
      </div>
      <div
        class="react-multi-carousel-list  carousel-container"
        dir="ltr"
      >
        <ul
          class="react-multi-carousel-track "
          style="transition: none; overflow: unset; transform: translate3d(0px,0,0);"
        />
      </div>
    </section>
  </div>,
  "debug": [Function],
  "findAllByAltText": [Function],
  "findAllByDisplayValue": [Function],
  "findAllByLabelText": [Function],
  "findAllByPlaceholderText": [Function],
  "findAllByRole": [Function],
  "findAllByTestId": [Function],
  "findAllByText": [Function],
  "findAllByTitle": [Function],
  "findByAltText": [Function],
  "findByDisplayValue": [Function],
  "findByLabelText": [Function],
  "findByPlaceholderText": [Function],
  "findByRole": [Function],
  "findByTestId": [Function],
  "findByText": [Function],
  "findByTitle": [Function],
  "getAllByAltText": [Function],
  "getAllByDisplayValue": [Function],
  "getAllByLabelText": [Function],
  "getAllByPlaceholderText": [Function],
  "getAllByRole": [Function],
  "getAllByTestId": [Function],
  "getAllByText": [Function],
  "getAllByTitle": [Function],
  "getByAltText": [Function],
  "getByDisplayValue": [Function],
  "getByLabelText": [Function],
  "getByPlaceholderText": [Function],
  "getByRole": [Function],
  "getByTestId": [Function],
  "getByText": [Function],
  "getByTitle": [Function],
  "queryAllByAltText": [Function],
  "queryAllByDisplayValue": [Function],
  "queryAllByLabelText": [Function],
  "queryAllByPlaceholderText": [Function],
  "queryAllByRole": [Function],
  "queryAllByTestId": [Function],
  "queryAllByText": [Function],
  "queryAllByTitle": [Function],
  "queryByAltText": [Function],
  "queryByDisplayValue": [Function],
  "queryByLabelText": [Function],
  "queryByPlaceholderText": [Function],
  "queryByRole": [Function],
  "queryByTestId": [Function],
  "queryByText": [Function],
  "queryByTitle": [Function],
  "rerender": [Function],
  "store": Object {
    "@@observable": [Function],
    "dispatch": [Function],
    "getState": [Function],
    "replaceReducer": [Function],
    "subscribe": [Function],
  },
  "unmount": [Function],
}
`;
